<html>
<body>
<pre>
<h1>µVision Build Log</h1>
<h2>Project:</h2>
C:\Users\Administrator\Desktop\SUMMER\Code\DA1458x_SDK_3.0.6.1p2_0725save_dis_ÒÑ¸Ä\DA1458x_SDK_3.0.6.1p2_0725save_dis\dk_apps\keil_projects\custom\custom\custom.uvproj
Project File Date:  07/27/2015

<h2>Output:</h2>
Rebuild target 'Full_emb_cortex_M0'
compiling system_ARMCM0.c...
assembling boot_vectors.s...
compiling hardfault_handler.c...
compiling arch_main.c...
..\..\..\src\plf\refip\src\arch\main\ble\arch_main.c(117): warning:  #1215-D: #warning directive: "==============================================================> DEVELOPMENT_DEBUG is set!"
..\..\..\src\plf\refip\src\arch\main\ble\arch_main.c(784): warning:  #223-D: function "phdr_init" declared implicitly
compiling jump_table.c...
compiling arch_sleep.c...
compiling nmi_handler.c...
compiling periph_setup.c...
compiling arch_system.c...
compiling rf_580.c...
compiling gpio.c...
..\..\..\src\plf\refip\src\driver\gpio\gpio.c(59): warning:  #1215-D: #warning directive: "GPIO assignment checking is active! Deactivate before burning OTP..."
compiling uart2.c...
compiling gapm.c...
compiling nvds.c...
compiling rwip.c...
compiling rwble.c...
compiling accel.c...
compiling accel_task.c...
compiling basc.c...
compiling basc_task.c...
compiling bass.c...
compiling bass_task.c...
compiling blpc.c...
compiling blpc_task.c...
compiling blps.c...
compiling blps_task.c...
compiling disc.c...
compiling disc_task.c...
compiling findt.c...
compiling findt_task.c...
compiling hogpbh.c...
compiling hogpbh_task.c...
compiling hogpd.c...
compiling hogpd_task.c...
compiling hogprh.c...
compiling hogprh_task.c...
compiling hrpc.c...
compiling hrpc_task.c...
compiling hrps.c...
compiling hrps_task.c...
compiling htpc.c...
compiling htpc_task.c...
compiling htpt.c...
compiling htpt_task.c...
compiling proxm.c...
compiling proxm_task.c...
compiling proxr.c...
compiling proxr_task.c...
compiling scppc.c...
compiling scppc_task.c...
compiling scpps.c...
compiling scpps_task.c...
compiling prf_utils.c...
compiling anpc.c...
compiling anpc_task.c...
compiling anps.c...
compiling anps_task.c...
compiling cscpc.c...
compiling cscpc_task.c...
compiling cscps.c...
compiling cscps_task.c...
compiling glpc.c...
compiling glpc_task.c...
compiling glps.c...
compiling glps_task.c...
compiling paspc.c...
compiling paspc_task.c...
compiling pasps.c...
compiling pasps_task.c...
compiling rscpc.c...
compiling rscpc_task.c...
compiling rscps.c...
compiling rscps_task.c...
compiling tipc.c...
compiling tipc_task.c...
compiling tips.c...
compiling tips_task.c...
compiling findl.c...
compiling findl_task.c...
compiling cppc.c...
compiling cppc_task.c...
compiling cpps.c...
compiling cpps_task.c...
compiling lanc.c...
compiling lanc_task.c...
compiling lans.c...
compiling lans_task.c...
compiling sample128.c...
compiling sample128_task.c...
..\..\..\src\ip\ble\hl\src\profiles\sample128\sample128_task.c(768): warning:  #223-D: function "flash_pwd_delete" declared implicitly
..\..\..\src\ip\ble\hl\src\profiles\sample128\sample128_task.c(795): error:  #167: argument of type "uint8_t (*)[10]" is incompatible with parameter of type "uint8_t **"
..\..\..\src\ip\ble\hl\src\profiles\sample128\sample128_task.c(958): error:  #167: argument of type "uint8_t (*)[10]" is incompatible with parameter of type "uint8_t **"
..\..\..\src\ip\ble\hl\src\profiles\sample128\sample128_task.c(507): warning:  #177-D: variable "value8_0" was declared but never referenced
..\..\..\src\ip\ble\hl\src\profiles\sample128\sample128_task.c(511): warning:  #177-D: variable "value16_0" was declared but never referenced
..\..\..\src\ip\ble\hl\src\profiles\sample128\sample128_task.c(512): warning:  #177-D: variable "value16_1" was declared but never referenced
..\..\..\src\ip\ble\hl\src\profiles\sample128\sample128_task.c(513): warning:  #177-D: variable "value16_2" was declared but never referenced
..\..\..\src\ip\ble\hl\src\profiles\sample128\sample128_task.c(514): warning:  #177-D: variable "value16_3" was declared but never referenced
..\..\..\src\ip\ble\hl\src\profiles\sample128\sample128_task.c(515): warning:  #177-D: variable "value16_4" was declared but never referenced
..\..\..\src\ip\ble\hl\src\profiles\sample128\sample128_task.c(516): warning:  #177-D: variable "value16_5" was declared but never referenced
..\..\..\src\ip\ble\hl\src\profiles\sample128\sample128_task.c(517): warning:  #177-D: variable "value16_6" was declared but never referenced
..\..\..\src\ip\ble\hl\src\profiles\sample128\sample128_task.c(518): warning:  #177-D: variable "value16_7" was declared but never referenced
..\..\..\src\ip\ble\hl\src\profiles\sample128\sample128_task.c(519): warning:  #177-D: variable "value16_8" was declared but never referenced
..\..\..\src\ip\ble\hl\src\profiles\sample128\sample128_task.c(520): warning:  #177-D: variable "value16_9" was declared but never referenced
compiling phdr.c...
compiling phdr_task.c...
compiling storage_operate.c...
compiling diss.c...
compiling diss_task.c...
compiling app.c...
compiling app_sec.c...
compiling app_sec_task.c...
compiling app_task.c...
compiling app_custom_proj.c...
compiling app_console.c...
compiling app_dis.c...
compiling app_dis_task.c...
".\out\full_emb_sysram.axf" - 2 Errors, 15 Warning(s).
Target not created
Rebuild target 'Full_emb_cortex_M0'
compiling system_ARMCM0.c...
assembling boot_vectors.s...
compiling hardfault_handler.c...
compiling arch_main.c...
..\..\..\src\plf\refip\src\arch\main\ble\arch_main.c(117): warning:  #1215-D: #warning directive: "==============================================================> DEVELOPMENT_DEBUG is set!"
..\..\..\src\plf\refip\src\arch\main\ble\arch_main.c(784): warning:  #223-D: function "phdr_init" declared implicitly
compiling jump_table.c...
compiling arch_sleep.c...
compiling nmi_handler.c...
compiling periph_setup.c...
compiling arch_system.c...
compiling rf_580.c...
compiling gpio.c...
..\..\..\src\plf\refip\src\driver\gpio\gpio.c(59): warning:  #1215-D: #warning directive: "GPIO assignment checking is active! Deactivate before burning OTP..."
compiling uart2.c...
compiling gapm.c...
compiling nvds.c...
compiling rwip.c...
compiling rwble.c...
compiling accel.c...
compiling accel_task.c...
compiling basc.c...
compiling basc_task.c...
compiling bass.c...
compiling bass_task.c...
compiling blpc.c...
compiling blpc_task.c...
compiling blps.c...
compiling blps_task.c...
compiling disc.c...
compiling disc_task.c...
compiling findt.c...
compiling findt_task.c...
compiling hogpbh.c...
compiling hogpbh_task.c...
compiling hogpd.c...
compiling hogpd_task.c...
compiling hogprh.c...
compiling hogprh_task.c...
compiling hrpc.c...
compiling hrpc_task.c...
compiling hrps.c...
compiling hrps_task.c...
compiling htpc.c...
compiling htpc_task.c...
compiling htpt.c...
compiling htpt_task.c...
compiling proxm.c...
compiling proxm_task.c...
compiling proxr.c...
compiling proxr_task.c...
compiling scppc.c...
compiling scppc_task.c...
compiling scpps.c...
compiling scpps_task.c...
compiling prf_utils.c...
compiling anpc.c...
compiling anpc_task.c...
compiling anps.c...
compiling anps_task.c...
compiling cscpc.c...
compiling cscpc_task.c...
compiling cscps.c...
compiling cscps_task.c...
compiling glpc.c...
compiling glpc_task.c...
compiling glps.c...
compiling glps_task.c...
compiling paspc.c...
compiling paspc_task.c...
compiling pasps.c...
compiling pasps_task.c...
compiling rscpc.c...
compiling rscpc_task.c...
compiling rscps.c...
compiling rscps_task.c...
compiling tipc.c...
compiling tipc_task.c...
compiling tips.c...
compiling tips_task.c...
compiling findl.c...
compiling findl_task.c...
compiling cppc.c...
compiling cppc_task.c...
compiling cpps.c...
compiling cpps_task.c...
compiling lanc.c...
compiling lanc_task.c...
compiling lans.c...
compiling lans_task.c...
compiling sample128.c...
compiling sample128_task.c...
..\..\..\src\ip\ble\hl\src\profiles\sample128\sample128_task.c(768): warning:  #223-D: function "flash_pwd_delete" declared implicitly
..\..\..\src\ip\ble\hl\src\profiles\sample128\sample128_task.c(507): warning:  #177-D: variable "value8_0" was declared but never referenced
..\..\..\src\ip\ble\hl\src\profiles\sample128\sample128_task.c(511): warning:  #177-D: variable "value16_0" was declared but never referenced
..\..\..\src\ip\ble\hl\src\profiles\sample128\sample128_task.c(512): warning:  #177-D: variable "value16_1" was declared but never referenced
..\..\..\src\ip\ble\hl\src\profiles\sample128\sample128_task.c(513): warning:  #177-D: variable "value16_2" was declared but never referenced
..\..\..\src\ip\ble\hl\src\profiles\sample128\sample128_task.c(514): warning:  #177-D: variable "value16_3" was declared but never referenced
..\..\..\src\ip\ble\hl\src\profiles\sample128\sample128_task.c(515): warning:  #177-D: variable "value16_4" was declared but never referenced
..\..\..\src\ip\ble\hl\src\profiles\sample128\sample128_task.c(516): warning:  #177-D: variable "value16_5" was declared but never referenced
..\..\..\src\ip\ble\hl\src\profiles\sample128\sample128_task.c(517): warning:  #177-D: variable "value16_6" was declared but never referenced
..\..\..\src\ip\ble\hl\src\profiles\sample128\sample128_task.c(518): warning:  #177-D: variable "value16_7" was declared but never referenced
..\..\..\src\ip\ble\hl\src\profiles\sample128\sample128_task.c(519): warning:  #177-D: variable "value16_8" was declared but never referenced
..\..\..\src\ip\ble\hl\src\profiles\sample128\sample128_task.c(520): warning:  #177-D: variable "value16_9" was declared but never referenced
compiling phdr.c...
compiling phdr_task.c...
compiling storage_operate.c...
compiling diss.c...
compiling diss_task.c...
compiling app.c...
compiling app_sec.c...
compiling app_sec_task.c...
compiling app_task.c...
compiling app_custom_proj.c...
compiling app_console.c...
compiling app_dis.c...
compiling app_dis_task.c...
linking...
Program Size: Code=17504 RO-data=1484 RW-data=184 ZI-data=7820  
FromELF: creating hex file...
".\out\full_emb_sysram.axf" - 0 Errors, 15 Warning(s).
